BL51 BANKED LINKER/LOCATER V6.22.2.0                                                    11/26/2022  20:49:25  PAGE 1


BL51 BANKED LINKER/LOCATER V6.22.2.0, INVOKED BY:
C:\KEIL_V5\C51\BIN\BL51.EXE .\Objects\STARTUP.obj, .\Objects\main.obj TO .\Objects\test PRINT (.\Listings\test.m51) RAMS
>> IZE (256)


MEMORY MODEL: SMALL


INPUT MODULES INCLUDED:
  .\Objects\STARTUP.obj (?C_STARTUP)
  .\Objects\main.obj (MAIN)


LINK MAP OF MODULE:  .\Objects\test (?C_STARTUP)


            TYPE    BASE      LENGTH    RELOCATION   SEGMENT NAME
            -----------------------------------------------------

            * * * * * * *   D A T A   M E M O R Y   * * * * * * *
            REG     0000H     0008H     ABSOLUTE     "REG BANK 0"
            IDATA   0008H     0001H     UNIT         ?STACK

            * * * * * * *   C O D E   M E M O R Y   * * * * * * *
            CODE    0000H     0003H     ABSOLUTE     
            CODE    0003H     006DH     UNIT         ?PR?MAIN?MAIN
            CODE    0070H     000FH     UNIT         ?PR?DELAY1000MS?MAIN
            CODE    007FH     000CH     UNIT         ?C_C51STARTUP



OVERLAY MAP OF MODULE:   .\Objects\test (?C_STARTUP)


SEGMENT
  +--> CALLED SEGMENT
---------------------
?C_C51STARTUP
  +--> ?PR?MAIN?MAIN

?PR?MAIN?MAIN
  +--> ?PR?DELAY1000MS?MAIN



SYMBOL TABLE OF MODULE:  .\Objects\test (?C_STARTUP)

  VALUE           TYPE          NAME
  ----------------------------------

  -------         MODULE        ?C_STARTUP
  C:007FH         SEGMENT       ?C_C51STARTUP
  I:0008H         SEGMENT       ?STACK
  C:0000H         PUBLIC        ?C_STARTUP
  D:00E0H         SYMBOL        ACC
  D:00F0H         SYMBOL        B
  D:0083H         SYMBOL        DPH
  D:0082H         SYMBOL        DPL
BL51 BANKED LINKER/LOCATER V6.22.2.0                                                  11/26/2022  20:49:25  PAGE 2


  N:0000H         SYMBOL        IBPSTACK
  N:0100H         SYMBOL        IBPSTACKTOP
  N:0080H         SYMBOL        IDATALEN
  C:0082H         SYMBOL        IDATALOOP
  N:0000H         SYMBOL        PBPSTACK
  N:0100H         SYMBOL        PBPSTACKTOP
  N:0000H         SYMBOL        PDATALEN
  N:0000H         SYMBOL        PDATASTART
  N:0000H         SYMBOL        PPAGE
  N:0000H         SYMBOL        PPAGEENABLE
  D:00A0H         SYMBOL        PPAGE_SFR
  D:0081H         SYMBOL        SP
  C:007FH         SYMBOL        STARTUP1
  N:0000H         SYMBOL        XBPSTACK
  N:0000H         SYMBOL        XBPSTACKTOP
  N:0000H         SYMBOL        XDATALEN
  N:0000H         SYMBOL        XDATASTART
  C:0000H         LINE#         126
  C:007FH         LINE#         133
  C:0081H         LINE#         134
  C:0082H         LINE#         135
  C:0083H         LINE#         136
  C:0085H         LINE#         185
  C:0088H         LINE#         196
  -------         ENDMOD        ?C_STARTUP

  -------         MODULE        MAIN
  C:0000H         SYMBOL        _ICE_DUMMY_
  D:0080H         PUBLIC        P0
  D:0090H         PUBLIC        P1
  D:00A0H         PUBLIC        P2
  D:00B0H         PUBLIC        P3
  D:00A8H         PUBLIC        IE
  C:0070H         PUBLIC        Delay1000ms
  D:00B8H         PUBLIC        IP
  C:0003H         PUBLIC        main
  D:0098H         PUBLIC        SCON
  D:0088H         PUBLIC        TCON
  B:00A0H.5       PUBLIC        P25
  B:00A0H.6       PUBLIC        P26
  D:00C8H         PUBLIC        T2CON
  D:00D0H         PUBLIC        PSW
  -------         PROC          DELAY1000MS
  -------         DO            
  D:0007H         SYMBOL        i
  D:0006H         SYMBOL        j
  D:0005H         SYMBOL        k
  -------         ENDDO         
  C:0070H         LINE#         7
  C:0070H         LINE#         8
  C:0070H         LINE#         11
  C:0071H         LINE#         12
  C:0072H         LINE#         13
  C:0074H         LINE#         14
  C:0076H         LINE#         15
  C:0078H         LINE#         17
  C:0078H         LINE#         19
BL51 BANKED LINKER/LOCATER V6.22.2.0                                                  11/26/2022  20:49:25  PAGE 3


  C:0078H         LINE#         20
  C:007AH         LINE#         21
  C:007CH         LINE#         22
  C:007EH         LINE#         23
  -------         ENDPROC       DELAY1000MS
  -------         PROC          MAIN
  -------         DO            
  D:0002H         SYMBOL        i
  -------         ENDDO         
  C:0003H         LINE#         26
  C:0003H         LINE#         27
  C:0003H         LINE#         28
  C:0006H         LINE#         35
  C:0008H         LINE#         36
  C:000AH         LINE#         37
  C:000CH         LINE#         39
  C:000CH         LINE#         40
  C:000CH         LINE#         41
  C:000FH         LINE#         42
  C:0012H         LINE#         43
  C:0015H         LINE#         44
  C:0020H         LINE#         45
  C:0020H         LINE#         46
  C:0020H         LINE#         50
  C:0023H         LINE#         51
  C:0023H         LINE#         52
  C:0040H         LINE#         53
  C:004BH         LINE#         54
  C:004EH         LINE#         56
  C:0051H         LINE#         57
  C:0051H         LINE#         58
  C:0060H         LINE#         59
  C:006BH         LINE#         60
  C:006EH         LINE#         61
  -------         ENDPROC       MAIN
  -------         ENDMOD        MAIN

Program Size: data=9.0 xdata=0 code=139
LINK/LOCATE RUN COMPLETE.  0 WARNING(S),  0 ERROR(S)
